// Jest Snapshot v1, https://goo.gl/fbAQLP

exports[`simple component tests AnimationPane component 1`] = `
<div>
  <div
    class="sc-eCssSg jqOubs"
  >
    <div
      class="sc-jSgupP fXLOLf"
    >
      <p
        class="MuiTypography-root sc-gKsewC fObbpD MuiTypography-body1"
      >
         
        2.0
      </p>
      <span
        class="MuiSlider-root MuiSlider-colorPrimary sc-hKgILt gQYItp MuiSlider-vertical"
        style="width: 0px;"
      >
        <span
          class="MuiSlider-rail"
        />
        <span
          class="MuiSlider-track"
          style="bottom: 0%; height: 19.387755102040813%;"
        />
        <input
          type="hidden"
          value="19.387755102040813"
        />
        <span
          aria-orientation="vertical"
          aria-valuemax="100"
          aria-valuemin="0"
          aria-valuenow="19.387755102040813"
          class="MuiSlider-thumb MuiSlider-thumbColorPrimary"
          data-index="0"
          role="slider"
          style="bottom: 19.387755102040813%;"
          tabindex="0"
        />
      </span>
    </div>
    <canvas
      class="sc-iBPRYJ hRyXLA"
      height="8000"
      id="animationPaneCanvas"
      width="16000"
    />
  </div>
</div>
`;

exports[`simple component tests Channel component 1`] = `
Object {
  "asFragment": [Function],
  "baseElement": <body>
    <div>
      <div
        class="sc-pFZIQ iXxhSV WaveformCanvases"
        offset="0"
      />
    </div>
  </body>,
  "container": <div>
    <div
      class="sc-pFZIQ iXxhSV WaveformCanvases"
      offset="0"
    />
  </div>,
  "debug": [Function],
  "findAllByAltText": [Function],
  "findAllByDisplayValue": [Function],
  "findAllByLabelText": [Function],
  "findAllByPlaceholderText": [Function],
  "findAllByRole": [Function],
  "findAllByTestId": [Function],
  "findAllByText": [Function],
  "findAllByTitle": [Function],
  "findByAltText": [Function],
  "findByDisplayValue": [Function],
  "findByLabelText": [Function],
  "findByPlaceholderText": [Function],
  "findByRole": [Function],
  "findByTestId": [Function],
  "findByText": [Function],
  "findByTitle": [Function],
  "getAllByAltText": [Function],
  "getAllByDisplayValue": [Function],
  "getAllByLabelText": [Function],
  "getAllByPlaceholderText": [Function],
  "getAllByRole": [Function],
  "getAllByTestId": [Function],
  "getAllByText": [Function],
  "getAllByTitle": [Function],
  "getByAltText": [Function],
  "getByDisplayValue": [Function],
  "getByLabelText": [Function],
  "getByPlaceholderText": [Function],
  "getByRole": [Function],
  "getByTestId": [Function],
  "getByText": [Function],
  "getByTitle": [Function],
  "queryAllByAltText": [Function],
  "queryAllByDisplayValue": [Function],
  "queryAllByLabelText": [Function],
  "queryAllByPlaceholderText": [Function],
  "queryAllByRole": [Function],
  "queryAllByTestId": [Function],
  "queryAllByText": [Function],
  "queryAllByTitle": [Function],
  "queryByAltText": [Function],
  "queryByDisplayValue": [Function],
  "queryByLabelText": [Function],
  "queryByPlaceholderText": [Function],
  "queryByRole": [Function],
  "queryByTestId": [Function],
  "queryByText": [Function],
  "queryByTitle": [Function],
  "rerender": [Function],
  "unmount": [Function],
}
`;
